// Jest Snapshot v1, https://goo.gl/fbAQLP

exports[`renders homepage unchanged 1`] = `
<div>
  <main>
    <h1
      class="title"
    >
      Matriz
    </h1>
    <form
      class="form"
    >
      <div
        class="mb-2"
      >
        <label
          class="form__label"
          for="dimension"
        >
          Dimensión
        </label>
        <input
          class="form__input "
          id="dimension"
          name="dimension"
          type="number"
        />
      </div>
      <input
        class="form__button"
        type="submit"
        value="Generar"
      />
    </form>
    <section
      class="mb-10"
    />
  </main>
</div>
`;

exports[`renders mainpage unchanged 1`] = `
<div>
  <main>
    <h1
      class="title"
    >
      Matriz
    </h1>
    <form
      class="form"
    >
      <div
        class="mb-2"
      >
        <label
          class="form__label"
          for="dimension"
        >
          Dimensión
        </label>
        <input
          class="form__input "
          id="dimension"
          name="dimension"
          type="number"
        />
      </div>
      <input
        class="form__button"
        type="submit"
        value="Generar"
      />
    </form>
    <section
      class="mb-10"
    />
  </main>
</div>
`;
